../Drivers/STM32G0xx_HAL_Driver/Inc/stm32g0xx_ll_bus.h:1135:22:LL_IOP_GRP1_EnableClock	8	static
../Core/Src/main.c:79:6:USART1_Send	0	static
../Core/Src/main.c:84:6:USART1_Send_String	16	static
../Core/Src/main.c:90:6:USART1_Send_IntToString	32	static
../Core/Src/main.c:97:6:SendGpsDataToUsart1	72	static
../Core/Src/main.c:115:6:SetBootEnable	8	static
../Core/Src/main.c:133:10:getHexAddressPage	0	static
../Core/Src/main.c:140:6:memoryPageErase	16	static
../Core/Src/main.c:152:6:WriteToEEPROM	16	static
../Core/Src/main.c:159:10:ReadFromEEPROM	0	static
../Core/Src/main.c:163:6:ResetAllOutputs	16	static
../Core/Src/main.c:182:5:IsTime80	8	static
../Core/Src/main.c:190:5:IsTime40	8	static
../Core/Src/main.c:198:5:IsTime30	8	static
../Core/Src/main.c:206:5:IsTime20	8	static
../Core/Src/main.c:214:5:IsTime17	8	static
../Core/Src/main.c:222:5:IsTime15	8	static
../Core/Src/main.c:230:5:IsTime12	8	static
../Core/Src/main.c:238:5:IsTime10	8	static
../Core/Src/main.c:247:5:IsTimeOff	8	static
../Core/Src/main.c:275:6:WSPR_Schedule	8	static
../Core/Src/main.c:389:6:SystemClock_Config	80	static,ignoring_inline_asm
../Core/Src/main.c:333:5:main	120	static,ignoring_inline_asm
../Core/Src/main.c:844:6:Error_Handler	0	static,ignoring_inline_asm
