../Drivers/STM32G0xx_HAL_Driver/Inc/stm32g0xx_ll_bus.h:1135:22:LL_IOP_GRP1_EnableClock	8	static
../Core/Src/main.c:66:6:USART1_Send	0	static
../Core/Src/main.c:71:6:USART1_Send_String	16	static
../Core/Src/main.c:77:6:USART1_Send_IntToString	32	static
../Core/Src/main.c:84:6:SendGpsDataToUsart1	72	static
../Core/Src/main.c:102:6:SetBootEnable	8	static
../Core/Src/main.c:120:10:getHexAddressPage	0	static
../Core/Src/main.c:127:6:memoryPageErase	16	static
../Core/Src/main.c:139:6:WriteToEEPROM	16	static
../Core/Src/main.c:146:10:ReadFromEEPROM	0	static
../Core/Src/main.c:150:6:ResetAllOutputs	0	static
../Core/Src/main.c:161:5:IsTime80	0	static
../Core/Src/main.c:169:5:IsTime40	0	static
../Core/Src/main.c:177:5:IsTime30	0	static
../Core/Src/main.c:185:5:IsTime20	0	static
../Core/Src/main.c:193:5:IsTime17	0	static
../Core/Src/main.c:201:5:IsTime15	0	static
../Core/Src/main.c:209:5:IsTime12	0	static
../Core/Src/main.c:217:5:IsTime10	0	static
../Core/Src/main.c:227:6:WSPR_Schedule	8	static
../Core/Src/main.c:330:6:SystemClock_Config	80	static,ignoring_inline_asm
../Core/Src/main.c:274:5:main	120	static,ignoring_inline_asm
../Core/Src/main.c:785:6:Error_Handler	0	static,ignoring_inline_asm
